# serializer version: 1
# name: test_murphy_coordination_number
  17.555560500000002
# ---
